> Task :compileJava
> Task :processResources UP-TO-DATE
> Task :classes
> Task :resolveMainClassName

> Task :bootRun

  .   ____          _            __ _ _
 /\\ / ___'_ __ _ _(_)_ __  __ _ \ \ \ \
( ( )\___ | '_ | '_| | '_ \/ _` | \ \ \ \
 \\/  ___)| |_)| | | | | || (_| |  ) ) ) )
  '  |____| .__|_| |_|_| |_\__, | / / / /
 =========|_|==============|___/=/_/_/_/

 :: Spring Boot ::                (v3.4.0)

2026-05-21T16:57:39.818+09:00  INFO 87779 --- [kbo-crawler-api] [           main] c.k.crawlerapi.KboCrawlerApiApplication  : Starting KboCrawlerApiApplication using Java 25 with PID 87779 (/Users/chogyeongmin/develop/kbo/kbo_back/build/classes/java/main started by chogyeongmin in /Users/chogyeongmin/develop/kbo/kbo_back)
2026-05-21T16:57:39.818+09:00  INFO 87779 --- [kbo-crawler-api] [           main] c.k.crawlerapi.KboCrawlerApiApplication  : No active profile set, falling back to 1 default profile: "default"
2026-05-21T16:57:40.161+09:00  INFO 87779 --- [kbo-crawler-api] [           main] .s.d.r.c.RepositoryConfigurationDelegate : Bootstrapping Spring Data JPA repositories in DEFAULT mode.
2026-05-21T16:57:40.185+09:00  INFO 87779 --- [kbo-crawler-api] [           main] .s.d.r.c.RepositoryConfigurationDelegate : Finished Spring Data repository scanning in 21 ms. Found 8 JPA repository interfaces.
WARNING: A restricted method in java.lang.System has been called
WARNING: java.lang.System::load has been called by org.apache.tomcat.jni.Library in an unnamed module (file:/Users/chogyeongmin/.gradle/caches/modules-2/files-2.1/org.apache.tomcat.embed/tomcat-embed-core/10.1.33/d4d10b953164db057e4a803506e4552731e5a6a0/tomcat-embed-core-10.1.33.jar)
WARNING: Use --enable-native-access=ALL-UNNAMED to avoid a warning for callers in this module
WARNING: Restricted methods will be blocked in a future release unless native access is enabled

2026-05-21T16:57:40.383+09:00  INFO 87779 --- [kbo-crawler-api] [           main] o.s.b.w.embedded.tomcat.TomcatWebServer  : Tomcat initialized with port 8088 (http)
2026-05-21T16:57:40.390+09:00  INFO 87779 --- [kbo-crawler-api] [           main] o.apache.catalina.core.StandardService   : Starting service [Tomcat]
2026-05-21T16:57:40.390+09:00  INFO 87779 --- [kbo-crawler-api] [           main] o.apache.catalina.core.StandardEngine    : Starting Servlet engine: [Apache Tomcat/10.1.33]
2026-05-21T16:57:40.417+09:00  INFO 87779 --- [kbo-crawler-api] [           main] o.a.c.c.C.[Tomcat].[localhost].[/]       : Initializing Spring embedded WebApplicationContext
2026-05-21T16:57:40.417+09:00  INFO 87779 --- [kbo-crawler-api] [           main] w.s.c.ServletWebServerApplicationContext : Root WebApplicationContext: initialization completed in 581 ms
2026-05-21T16:57:40.509+09:00  INFO 87779 --- [kbo-crawler-api] [           main] com.zaxxer.hikari.HikariDataSource       : HikariPool-1 - Starting...
2026-05-21T16:57:41.174+09:00  INFO 87779 --- [kbo-crawler-api] [           main] com.zaxxer.hikari.pool.HikariPool        : HikariPool-1 - Added connection org.postgresql.jdbc.PgConnection@dada335
2026-05-21T16:57:41.177+09:00  INFO 87779 --- [kbo-crawler-api] [           main] com.zaxxer.hikari.HikariDataSource       : HikariPool-1 - Start completed.
2026-05-21T16:57:41.267+09:00  INFO 87779 --- [kbo-crawler-api] [           main] org.flywaydb.core.FlywayExecutor         : Database: jdbc:postgresql://aws-1-ap-northeast-1.pooler.supabase.com:5432/postgres?sslmode=require (PostgreSQL 17.6)
2026-05-21T16:57:41.923+09:00  INFO 87779 --- [kbo-crawler-api] [           main] o.f.core.internal.command.DbValidate     : Successfully validated 13 migrations (execution time 00:00.248s)
2026-05-21T16:57:42.592+09:00  INFO 87779 --- [kbo-crawler-api] [           main] o.f.core.internal.command.DbMigrate      : Current version of schema "kbo_crawler_api": 13
2026-05-21T16:57:42.646+09:00  INFO 87779 --- [kbo-crawler-api] [           main] o.f.core.internal.command.DbMigrate      : Schema "kbo_crawler_api" is up to date. No migration necessary.
2026-05-21T16:57:43.009+09:00  INFO 87779 --- [kbo-crawler-api] [           main] o.hibernate.jpa.internal.util.LogHelper  : HHH000204: Processing PersistenceUnitInfo [name: default]
2026-05-21T16:57:43.032+09:00  INFO 87779 --- [kbo-crawler-api] [           main] org.hibernate.Version                    : HHH000412: Hibernate ORM core version 6.6.2.Final
2026-05-21T16:57:43.043+09:00  INFO 87779 --- [kbo-crawler-api] [           main] o.h.c.internal.RegionFactoryInitiator    : HHH000026: Second-level cache disabled
2026-05-21T16:57:43.136+09:00  INFO 87779 --- [kbo-crawler-api] [           main] o.s.o.j.p.SpringPersistenceUnitInfo      : No LoadTimeWeaver setup: ignoring JPA class transformer
2026-05-21T16:57:43.408+09:00  INFO 87779 --- [kbo-crawler-api] [           main] org.hibernate.orm.connections.pooling    : HHH10001005: Database info:
	Database JDBC URL [Connecting through datasource 'HikariDataSource (HikariPool-1)']
	Database driver: undefined/unknown
	Database version: 17.6
	Autocommit mode: undefined/unknown
	Isolation level: undefined/unknown
	Minimum pool size: undefined/unknown
	Maximum pool size: undefined/unknown
2026-05-21T16:57:43.795+09:00  INFO 87779 --- [kbo-crawler-api] [           main] o.h.e.t.j.p.i.JtaPlatformInitiator       : HHH000489: No JTA platform available (set 'hibernate.transaction.jta.platform' to enable JTA platform integration)
2026-05-21T16:57:44.171+09:00  INFO 87779 --- [kbo-crawler-api] [           main] j.LocalContainerEntityManagerFactoryBean : Initialized JPA EntityManagerFactory for persistence unit 'default'
2026-05-21T16:57:44.583+09:00  WARN 87779 --- [kbo-crawler-api] [           main] ConfigServletWebServerApplicationContext : Exception encountered during context initialization - cancelling refresh attempt: org.springframework.context.ApplicationContextException: Failed to start bean 'webServerStartStop'
2026-05-21T16:57:44.584+09:00  INFO 87779 --- [kbo-crawler-api] [           main] j.LocalContainerEntityManagerFactoryBean : Closing JPA EntityManagerFactory for persistence unit 'default'
2026-05-21T16:57:44.585+09:00  INFO 87779 --- [kbo-crawler-api] [           main] com.zaxxer.hikari.HikariDataSource       : HikariPool-1 - Shutdown initiated...
2026-05-21T16:57:44.876+09:00  INFO 87779 --- [kbo-crawler-api] [           main] com.zaxxer.hikari.HikariDataSource       : HikariPool-1 - Shutdown completed.
2026-05-21T16:57:44.901+09:00  INFO 87779 --- [kbo-crawler-api] [           main] .s.b.a.l.ConditionEvaluationReportLogger : 

Error starting ApplicationContext. To display the condition evaluation report re-run your application with 'debug' enabled.
2026-05-21T16:57:44.913+09:00 ERROR 87779 --- [kbo-crawler-api] [           main] o.s.b.d.LoggingFailureAnalysisReporter   : 

***************************
APPLICATION FAILED TO START
***************************

Description:

Web server failed to start. Port 8088 was already in use.

Action:

Identify and stop the process that's listening on port 8088 or configure this application to listen on another port.


> Task :bootRun FAILED

[Incubating] Problems report is available at: file:///Users/chogyeongmin/develop/kbo/kbo_back/build/reports/problems/problems-report.html

FAILURE: Build failed with an exception.

* What went wrong:
Execution failed for task ':bootRun'.
> Process 'command '/Users/chogyeongmin/Library/Java/JavaVirtualMachines/openjdk-25/Contents/Home/bin/java'' finished with non-zero exit value 1

* Try:
> Run with --stacktrace option to get the stack trace.
> Run with --info or --debug option to get more log output.
> Run with --scan to get full insights from a Build Scan (powered by Develocity).
> Get more help at https://help.gradle.org.

Deprecated Gradle features were used in this build, making it incompatible with Gradle 10.

You can use '--warning-mode all' to show the individual deprecation warnings and determine if they come from your own scripts or plugins.

For more on this, please refer to https://docs.gradle.org/9.3.1/userguide/command_line_interface.html#sec:command_line_warnings in the Gradle documentation.

BUILD FAILED in 7s
4 actionable tasks: 3 executed, 1 up-to-date
